// Jest Snapshot v1, https://goo.gl/fbAQLP

exports[`matches snapshot when multiple alerts 1`] = `
<DocumentFragment>
  <div
    class="container"
    data-test="form-alerts"
  >
    <div
      class="jsx-123723426 info"
      data-test="dhis2-uicore-alertbar"
    >
      <div
        class="jsx-3287073920"
        data-test="dhis2-uicore-alertbar-icon"
      >
        <svg
          class="jsx-23150291 "
          viewBox="0 0 48 48"
          xmlns="http://www.w3.org/2000/svg"
        >
          <path
            class="jsx-23150291"
            d="M24 4C12.95 4 4 12.95 4 24s8.95 20 20 20 20-8.95 20-20S35.05 4 24 4zm2 30h-4V22h4v12zm0-16h-4v-4h4v4z"
          />
        </svg>
      </div>
      <div
        class="jsx-3951482246"
      >
        Alert 0 - info
      </div>
      <div
        class="jsx-3563382569"
        data-test="dhis2-uicore-alertbar-dismiss"
      >
        <svg
          class="jsx-4098137027 "
          viewBox="0 0 48 48"
          xmlns="http://www.w3.org/2000/svg"
        >
          <path
            class="jsx-4098137027"
            d="M38 12.83L35.17 10 24 21.17 12.83 10 10 12.83 21.17 24 10 35.17 12.83 38 24 26.83 35.17 38 38 35.17 26.83 24z"
          />
        </svg>
      </div>
    </div>
    <div
      class="jsx-123723426 warning"
      data-test="dhis2-uicore-alertbar"
    >
      <div
        class="jsx-3287073920"
        data-test="dhis2-uicore-alertbar-icon"
      >
        <svg
          class="jsx-884574500 "
          viewBox="0 0 48 48"
          xmlns="http://www.w3.org/2000/svg"
        >
          <path
            class="jsx-884574500"
            d="M2 42h44L24 4 2 42zm24-6h-4v-4h4v4zm0-8h-4v-8h4v8z"
          />
        </svg>
      </div>
      <div
        class="jsx-3951482246"
      >
        Alert 1 - warning
      </div>
      <div
        class="jsx-3563382569"
        data-test="dhis2-uicore-alertbar-dismiss"
      >
        <svg
          class="jsx-4098137027 "
          viewBox="0 0 48 48"
          xmlns="http://www.w3.org/2000/svg"
        >
          <path
            class="jsx-4098137027"
            d="M38 12.83L35.17 10 24 21.17 12.83 10 10 12.83 21.17 24 10 35.17 12.83 38 24 26.83 35.17 38 38 35.17 26.83 24z"
          />
        </svg>
      </div>
    </div>
    <div
      class="jsx-123723426 critical"
      data-test="dhis2-uicore-alertbar"
    >
      <div
        class="jsx-3287073920"
        data-test="dhis2-uicore-alertbar-icon"
      >
        <svg
          class="jsx-1002481213 "
          viewBox="0 0 48 48"
          xmlns="http://www.w3.org/2000/svg"
        >
          <path
            class="jsx-1002481213"
            d="M24 4C12.96 4 4 12.95 4 24s8.96 20 20 20 20-8.95 20-20S35.04 4 24 4zm2 30h-4v-4h4v4zm0-8h-4V14h4v12z"
          />
        </svg>
      </div>
      <div
        class="jsx-3951482246"
      >
        Alert 2 - critical
      </div>
      <div
        class="jsx-3563382569"
        data-test="dhis2-uicore-alertbar-dismiss"
      >
        <svg
          class="jsx-4098137027 "
          viewBox="0 0 48 48"
          xmlns="http://www.w3.org/2000/svg"
        >
          <path
            class="jsx-4098137027"
            d="M38 12.83L35.17 10 24 21.17 12.83 10 10 12.83 21.17 24 10 35.17 12.83 38 24 26.83 35.17 38 38 35.17 26.83 24z"
          />
        </svg>
      </div>
    </div>
    <div
      class="jsx-123723426 success"
      data-test="dhis2-uicore-alertbar"
    >
      <div
        class="jsx-3287073920"
        data-test="dhis2-uicore-alertbar-icon"
      >
        <svg
          class="jsx-1870954797 "
          viewBox="0 0 48 48"
          xmlns="http://www.w3.org/2000/svg"
        >
          <path
            class="jsx-1870954797"
            d="M24 4C12.95 4 4 12.95 4 24c0 11.04 8.95 20 20 20 11.04 0 20-8.96 20-20 0-11.05-8.96-20-20-20zm-4 30L10 24l2.83-2.83L20 28.34l15.17-15.17L38 16 20 34z"
          />
        </svg>
      </div>
      <div
        class="jsx-3951482246"
      >
        Alert 3 - success
      </div>
      <div
        class="jsx-3563382569"
        data-test="dhis2-uicore-alertbar-dismiss"
      >
        <svg
          class="jsx-4098137027 "
          viewBox="0 0 48 48"
          xmlns="http://www.w3.org/2000/svg"
        >
          <path
            class="jsx-4098137027"
            d="M38 12.83L35.17 10 24 21.17 12.83 10 10 12.83 21.17 24 10 35.17 12.83 38 24 26.83 35.17 38 38 35.17 26.83 24z"
          />
        </svg>
      </div>
    </div>
  </div>
</DocumentFragment>
`;

exports[`matches snapshot when no alerts 1`] = `<DocumentFragment />`;
