// Jest Snapshot v1, https://goo.gl/fbAQLP

exports[`Input component - EndDate should render correctly 1`] = `
<Field>
  <Label>
    EndDate
  </Label>
  <DateInput
    initialValue={2020-01-01T00:00:00.000Z}
    label="End date"
    name="endDate"
  />
</Field>
`;
