// Jest Snapshot v1, https://goo.gl/fbAQLP

exports[`Input component - FormContent should render correctly 1`] = `
<div
  className="container"
>
  <span>
    Test
  </span>
  Foobar
</div>
`;
