// Jest Snapshot v1, https://goo.gl/fbAQLP

exports[`Input component - FormFooter should render correctly 1`] = `
<div
  className="container"
/>
`;
