// Jest Snapshot v1, https://goo.gl/fbAQLP

exports[`Input component - FormHeader should render correctly 1`] = `
<div
  className="container"
>
  <span
    className="icon"
  />
  <span
    className="label"
  />
</div>
`;
